Transcription Error (Lang: ): Transcription returned empty text.
